
> vendorhub-web@0.1.0 build
> vite build

[36mvite v5.4.21 [32mbuilding SSR bundle for production...[36m[39m
transforming...
[32mΓ£ô[39m 214 modules transformed.
rendering chunks...
[36mvite v5.4.21 [32mbuilding for production...[36m[39m
transforming...
[32mΓ£ô[39m 184 modules transformed.
rendering chunks...
computing gzip size...
[2m.svelte-kit/output/client/[22m[32m_app/version.json                       [39m[1m[2m 0.03 kB[22m[1m[22m[2m Γöé gzip: 0.05 kB[22m
[2m.svelte-kit/output/client/[22m[32m.vite/manifest.json                     [39m[1m[2m 8.40 kB[22m[1m[22m[2m Γöé gzip: 1.06 kB[22m
[2m.svelte-kit/output/client/[22m[35m_app/immutable/assets/8.Cae59ixf.css    [39m[1m[2m 0.20 kB[22m[1m[22m[2m Γöé gzip: 0.16 kB[22m
[2m.svelte-kit/output/client/[22m[35m_app/immutable/assets/7.BXsiD5mE.css    [39m[1m[2m 0.20 kB[22m[1m[22m[2m Γöé gzip: 0.17 kB[22m
[2m.svelte-kit/output/client/[22m[35m_app/immutable/assets/4.D59TCp6x.css    [39m[1m[2m 0.30 kB[22m[1m[22m[2m Γöé gzip: 0.21 kB[22m
[2m.svelte-kit/output/client/[22m[35m_app/immutable/assets/5.BOfNWy45.css    [39m[1m[2m 0.33 kB[22m[1m[22m[2m Γöé gzip: 0.20 kB[22m
[2m.svelte-kit/output/client/[22m[35m_app/immutable/assets/6.spqnWAFC.css    [39m[1m[2m 0.34 kB[22m[1m[22m[2m Γöé gzip: 0.21 kB[22m
[2m.svelte-kit/output/client/[22m[36m_app/immutable/chunks/fMYkQJYO.js       [39m[1m[2m 0.04 kB[22m[1m[22m[2m Γöé gzip: 0.06 kB[22m
[2m.svelte-kit/output/client/[22m[36m_app/immutable/entry/start.CNwtvFeH.js  [39m[1m[2m 0.12 kB[22m[1m[22m[2m Γöé gzip: 0.11 kB[22m
[2m.svelte-kit/output/client/[22m[36m_app/immutable/chunks/CLu4ZEPU.js       [39m[1m[2m 0.19 kB[22m[1m[22m[2m Γöé gzip: 0.18 kB[22m
[2m.svelte-kit/output/client/[22m[36m_app/immutable/nodes/0.BvxGpEg1.js      [39m[1m[2m 0.25 kB[22m[1m[22m[2m Γöé gzip: 0.19 kB[22m
[2m.svelte-kit/output/client/[22m[36m_app/immutable/chunks/u6zrF4Wq.js       [39m[1m[2m 0.33 kB[22m[1m[22m[2m Γöé gzip: 0.25 kB[22m
[2m.svelte-kit/output/client/[22m[36m_app/immutable/nodes/3.BWGoJjzr.js      [39m[1m[2m 0.38 kB[22m[1m[22m[2m Γöé gzip: 0.30 kB[22m
[2m.svelte-kit/output/client/[22m[36m_app/immutable/chunks/DyGIXf-T.js       [39m[1m[2m 0.52 kB[22m[1m[22m[2m Γöé gzip: 0.33 kB[22m
[2m.svelte-kit/output/client/[22m[36m_app/immutable/nodes/5.DwDpPtye.js      [39m[1m[2m 0.57 kB[22m[1m[22m[2m Γöé gzip: 0.32 kB[22m
[2m.svelte-kit/output/client/[22m[36m_app/immutable/nodes/11.BmohHpPE.js     [39m[1m[2m 0.62 kB[22m[1m[22m[2m Γöé gzip: 0.38 kB[22m
[2m.svelte-kit/output/client/[22m[36m_app/immutable/nodes/1.Do872Kts.js      [39m[1m[2m 0.65 kB[22m[1m[22m[2m Γöé gzip: 0.39 kB[22m
[2m.svelte-kit/output/client/[22m[36m_app/immutable/nodes/7.BYz2iCof.js      [39m[1m[2m 0.80 kB[22m[1m[22m[2m Γöé gzip: 0.46 kB[22m
[2m.svelte-kit/output/client/[22m[36m_app/immutable/nodes/6.BDTX2ohc.js      [39m[1m[2m 0.84 kB[22m[1m[22m[2m Γöé gzip: 0.35 kB[22m
[2m.svelte-kit/output/client/[22m[36m_app/immutable/nodes/8.CXBJ-nb7.js      [39m[1m[2m 1.07 kB[22m[1m[22m[2m Γöé gzip: 0.52 kB[22m
[2m.svelte-kit/output/client/[22m[36m_app/immutable/nodes/4.BvGr191H.js      [39m[1m[2m 1.10 kB[22m[1m[22m[2m Γöé gzip: 0.62 kB[22m
[2m.svelte-kit/output/client/[22m[36m_app/immutable/chunks/D7oXwVxb.js       [39m[1m[2m 1.32 kB[22m[1m[22m[2m Γöé gzip: 0.73 kB[22m
[2m.svelte-kit/output/client/[22m[36m_app/immutable/chunks/CN9HpGrX.js       [39m[1m[2m 3.52 kB[22m[1m[22m[2m Γöé gzip: 1.73 kB[22m
[2m.svelte-kit/output/client/[22m[36m_app/immutable/chunks/B3KxIhY-.js       [39m[1m[2m 3.60 kB[22m[1m[22m[2m Γöé gzip: 1.70 kB[22m
[2m.svelte-kit/output/client/[22m[36m_app/immutable/chunks/B4RqowOv.js       [39m[1m[2m 4.57 kB[22m[1m[22m[2m Γöé gzip: 2.17 kB[22m
[2m.svelte-kit/output/client/[22m[36m_app/immutable/chunks/CGDVUkcX.js       [39m[1m[2m 5.04 kB[22m[1m[22m[2m Γöé gzip: 2.27 kB[22m
[2m.svelte-kit/output/client/[22m[36m_app/immutable/nodes/10.Bhls7aKl.js     [39m[1m[2m 5.88 kB[22m[1m[22m[2m Γöé gzip: 2.61 kB[22m
[2m.svelte-kit/output/client/[22m[36m_app/immutable/nodes/9.Cati0mwv.js      [39m[1m[2m 5.98 kB[22m[1m[22m[2m Γöé gzip: 2.68 kB[22m
[2m.svelte-kit/output/client/[22m[36m_app/immutable/nodes/2.CSsFP1bY.js      [39m[1m[2m 6.48 kB[22m[1m[22m[2m Γöé gzip: 2.57 kB[22m
[2m.svelte-kit/output/client/[22m[36m_app/immutable/chunks/BP6S5PtP.js       [39m[1m[2m 7.42 kB[22m[1m[22m[2m Γöé gzip: 3.34 kB[22m
[2m.svelte-kit/output/client/[22m[36m_app/immutable/chunks/BBXYK4hN.js       [39m[1m[2m 7.61 kB[22m[1m[22m[2m Γöé gzip: 3.27 kB[22m
[2m.svelte-kit/output/client/[22m[36m_app/immutable/entry/app.D639SoFu.js    [39m[1m[2m 7.88 kB[22m[1m[22m[2m Γöé gzip: 3.36 kB[22m
[2m.svelte-kit/output/client/[22m[36m_app/immutable/chunks/weboG3wo.js       [39m[1m[2m22.65 kB[22m[1m[22m[2m Γöé gzip: 8.88 kB[22m
[2m.svelte-kit/output/client/[22m[36m_app/immutable/chunks/c7oEpfxW.js       [39m[1m[2m23.89 kB[22m[1m[22m[2m Γöé gzip: 9.49 kB[22m
[32mΓ£ô built in 2.04s[39m
[2m.svelte-kit/output/server/[22m[32m.vite/manifest.json                                      [39m[1m[2m  6.87 kB[22m[1m[22m
[2m.svelte-kit/output/server/[22m[35m_app/immutable/assets/_page.Cae59ixf.css                 [39m[1m[2m  0.20 kB[22m[1m[22m
[2m.svelte-kit/output/server/[22m[35m_app/immutable/assets/_page.BXsiD5mE.css                 [39m[1m[2m  0.20 kB[22m[1m[22m
[2m.svelte-kit/output/server/[22m[35m_app/immutable/assets/_page.D59TCp6x.css                 [39m[1m[2m  0.30 kB[22m[1m[22m
[2m.svelte-kit/output/server/[22m[35m_app/immutable/assets/_page.BOfNWy45.css                 [39m[1m[2m  0.33 kB[22m[1m[22m
[2m.svelte-kit/output/server/[22m[35m_app/immutable/assets/_page.spqnWAFC.css                 [39m[1m[2m  0.34 kB[22m[1m[22m
[2m.svelte-kit/output/server/[22m[36mchunks/false.js                                          [39m[1m[2m  0.05 kB[22m[1m[22m
[2m.svelte-kit/output/server/[22m[36mentries/pages/vendors/_vendorSlug_/_page.ts.js           [39m[1m[2m  0.09 kB[22m[1m[22m
[2m.svelte-kit/output/server/[22m[36mentries/pages/vendors/_vendorSlug_/shop/_page.ts.js      [39m[1m[2m  0.09 kB[22m[1m[22m
[2m.svelte-kit/output/server/[22m[36mentries/pages/_layout.svelte.js                          [39m[1m[2m  0.23 kB[22m[1m[22m
[2m.svelte-kit/output/server/[22m[36mentries/pages/vendors/_page.ts.js                        [39m[1m[2m  0.24 kB[22m[1m[22m
[2m.svelte-kit/output/server/[22m[36mentries/pages/app/buyer/orders/_page.svelte.js           [39m[1m[2m  0.29 kB[22m[1m[22m
[2m.svelte-kit/output/server/[22m[36minternal.js                                              [39m[1m[2m  0.35 kB[22m[1m[22m
[2m.svelte-kit/output/server/[22m[36mentries/pages/vendors/_vendorSlug_/shop/_page.svelte.js  [39m[1m[2m  0.41 kB[22m[1m[22m
[2m.svelte-kit/output/server/[22m[36mchunks/state.svelte.js                                   [39m[1m[2m  0.43 kB[22m[1m[22m
[2m.svelte-kit/output/server/[22m[36mentries/pages/auth/login/_page.svelte.js                 [39m[1m[2m  0.48 kB[22m[1m[22m
[2m.svelte-kit/output/server/[22m[36mchunks/environment.js                                    [39m[1m[2m  0.62 kB[22m[1m[22m
[2m.svelte-kit/output/server/[22m[36mentries/pages/disputes/_page.svelte.js                   [39m[1m[2m  0.71 kB[22m[1m[22m
[2m.svelte-kit/output/server/[22m[36mentries/pages/auth/register/_page.svelte.js              [39m[1m[2m  0.88 kB[22m[1m[22m
[2m.svelte-kit/output/server/[22m[36mentries/pages/faq/_page.svelte.js                        [39m[1m[2m  0.98 kB[22m[1m[22m
[2m.svelte-kit/output/server/[22m[36mentries/pages/app/vendor/dashboard/_page.svelte.js       [39m[1m[2m  1.09 kB[22m[1m[22m
[2m.svelte-kit/output/server/[22m[36mentries/fallbacks/error.svelte.js                        [39m[1m[2m  1.12 kB[22m[1m[22m
[2m.svelte-kit/output/server/[22m[36mchunks/utils.js                                          [39m[1m[2m  1.15 kB[22m[1m[22m
[2m.svelte-kit/output/server/[22m[36mchunks/index.js                                          [39m[1m[2m  1.46 kB[22m[1m[22m
[2m.svelte-kit/output/server/[22m[36mchunks/internal.js                                       [39m[1m[2m  3.26 kB[22m[1m[22m
[2m.svelte-kit/output/server/[22m[36mchunks/TrustBadge.js                                     [39m[1m[2m  4.04 kB[22m[1m[22m
[2m.svelte-kit/output/server/[22m[36mchunks/exports.js                                        [39m[1m[2m  5.54 kB[22m[1m[22m
[2m.svelte-kit/output/server/[22m[36mentries/pages/vendors/_page.svelte.js                    [39m[1m[2m  6.18 kB[22m[1m[22m
[2m.svelte-kit/output/server/[22m[36mentries/pages/vendors/_vendorSlug_/_page.svelte.js       [39m[1m[2m  6.20 kB[22m[1m[22m
[2m.svelte-kit/output/server/[22m[36mchunks/ProductGrid.js                                    [39m[1m[2m  6.46 kB[22m[1m[22m
[2m.svelte-kit/output/server/[22m[36mentries/pages/_page.svelte.js                            [39m[1m[2m  7.59 kB[22m[1m[22m
[2m.svelte-kit/output/server/[22m[36mremote-entry.js                                          [39m[1m[2m 19.00 kB[22m[1m[22m
[2m.svelte-kit/output/server/[22m[36mchunks/shared.js                                         [39m[1m[2m 26.41 kB[22m[1m[22m
[2m.svelte-kit/output/server/[22m[36mchunks/index2.js                                         [39m[1m[2m 37.89 kB[22m[1m[22m
[2m.svelte-kit/output/server/[22m[36mchunks/root.js                                           [39m[1m[2m 77.78 kB[22m[1m[22m
[2m.svelte-kit/output/server/[22m[36mindex.js                                                 [39m[1m[2m123.10 kB[22m[1m[22m
[32mΓ£ô built in 26.26s[39m

Run npm run preview to preview your production build locally.

> Using @sveltejs/adapter-auto
  Could not detect a supported production environment. See https://svelte.dev/docs/kit/adapters to learn how to configure your app to run on the platform of your choosing
  Γ£ö done
